[debug] [2026-05-21T09:24:56.691Z] ----------------------------------------------------------------------
[debug] [2026-05-21T09:24:56.692Z] Command:       C:\Program Files\nodejs\node.exe C:\Users\chaya\AppData\Roaming\npm\node_modules\firebase-tools\lib\bin\firebase.js init
[debug] [2026-05-21T09:24:56.692Z] CLI Version:   15.18.0
[debug] [2026-05-21T09:24:56.692Z] Platform:      win32
[debug] [2026-05-21T09:24:56.692Z] Node Version:  v24.15.0
[debug] [2026-05-21T09:24:56.692Z] Time:          Thu May 21 2026 16:24:56 GMT+0700 (เวลาอินโดจีน)
[debug] [2026-05-21T09:24:56.692Z] ----------------------------------------------------------------------
[debug] 
[info] 
     ######## #### ########  ######## ########     ###     ######  ########
     ##        ##  ##     ## ##       ##     ##  ##   ##  ##       ##
     ######    ##  ########  ######   ########  #########  ######  ######
     ##        ##  ##    ##  ##       ##     ## ##     ##       ## ##
     ##       #### ##     ## ######## ########  ##     ##  ######  ########

You're about to initialize a Firebase project in this directory:

  C:\Users\chaya\Store\GoodLuck-Kitchen

[info] 
=== Project Setup
[info] 
[info] First, let's associate this project directory with a Firebase project.
[info] You can create multiple project aliases by running firebase use --add, 
[info] 
